25charactername1234567890  sellstandard    000.00
END