Welcome to Vapour!
Please enter your Username to login: 
Welcome admin! Plese enter a transaction:
Creating new user. Please input their username
Error! User already exists, please try again: