Welcome to Vapour!
Please enter your username to log in: 
Welcome fullstandard! Please enter a transaction: 
Please enter the name of the game you would like to buy:
Please enter the seller of Tetris Effect: 