Welcome to Vapour!
Please enter your Username to log in:
Welcome sellstandard! Please enter a transaction: buy is not a valid transaction.
Input another transaction: Writing to Daily Transaction File...
Thank you for using Vapour.
Goodbye.