Welcome to Vapour!
Please enter your Username to log in:
Welcome buystandard! Please enter a transaction: 
Please enter the name of the game you would like to buy:
Please enter the seller of Valheim: 
