Welcome! 
Please enter your username:
Username accepted! How may we help you today? :
Please enter the name of the game you would like to buy:
Reading the Available Games File...
Please enter the name of the seller of Game1:
Reading the Available Games File...
"Game1" from seller "Nintendo" found.
Reading Game Collection file...
Game1 not currently in collection.
Reading Current Users Account...
Error: Insufficient credit funds to buy Game1. Please add credit to your account before trying again.