"Hello1234" is not a valid command. Please enter a valid Transaction code: login
"buy" is not a valid command. Please enter a valid Transaction code: login