Welcome to Vapour!
Please enter your Username to login:
Welcome fullstandard! Plese enter a transaction:
Name                       Price           Seller
Stardew Valley             sellstandard    025.00
Tetris Effect              sellstandard    020.00
Valheim                    fullstandard    029.99
Terraria                   fullstandard    019.99
