Welcome! 
Please enter your username:
Username accepted! How may we help you today? :
Name        Type                Credit
admin1      admin               343.24
full1       full-standard       101.65
sell1       sell-standard       0.00
buy1        buy-standard        12.45