Welcome to Vapour!
Please enter your Username to login:
Welcome fullstandard! Plese enter a transaction:
listusers is not a valid transaction.
Input another transaction: