Welcome to Vapour!
Please enter your username to log in:
Welcome sellstandard! Please enter a transaction:
Error! You don't have permission to use that command!