Welcome to Vapour! Please enter your username:
Username accepted! How may we help you today?
Which user would you like to delete?
Success! Games for sale on this account have been cancelled.
Daily transaction file updated.
