Welcome to Vapour! Please enter your username:
Username accepted! How may we help you today?
Which user would you like to add credit to?
How much credit would you like to add to user1's account?
Success! The amount $1000.00 has been added to user1's account.