Welcome to Vapour!
Please enter your Username to login:
Welcome admin! Plese enter a transaction:
Creating new listing. Enter the game's title:
Enter the game's price:
Error! Input must be at least 0.00. (e.g. 999.99, 567.89, 13.99, 12.34):