Welcome to Vapour!
Please enter your Username to login:
Welcome admin! Plese enter a transaction:
Creating new listing. Enter the game's title:
Enter the game's price:
Game successfully created!
Please enter the name of the game you would like to buy:
Tetris is not available. Please enter another game to purchase: