Welcome to Vapour! 
Please enter your username to log in:
Welcome admin! Please enter a transaction:
Please enter the name of the game you would like to buy:
Please enter the name of the seller of Tetris Effect:
Purchase successful! Transferring the credit value of Tetris Effect from you to the seller. You can now find Tetris in your collection!
Input another transaction: Writing to Daily Transaction File...
Thank you for using Vapour!
Goodbye.