Welcome! 
Please enter your username:
Username accepted! How may we help you today? :
Error! Username has already taken, please try again: 