04 fullstandardgame           sellstandard  999.00
00 fullstandard    FS 000100.00
END