03 $1 Game             sellstandard    buystandard    001.00
00 buystandard     BS 000099.00
END