Welcome! :
Please enter your username:
Username accepted! How may we help you today? :
