Welcome! :
Please enter your username:
Username accepted! How may we help you today? :
Creating new listing.. What's the game's name? :
How much will the game cost? :
Saving to transaction file.. Success! Game has been added to the system.