Welcome! 
Please enter your username:
Username accepted! How may we help you today? :
Please enter the buyer's username (the recipient of the refund):