Welcome to Vapour!
Please enter your username to log in: 
Welcome admin! Please enter a transaction: 
Please enter the buyer's username (the recipient of the refund): 
Error: user3 not found. Please enter a valid user.