Welcome! 
Please enter your username:
Username accepted! How may we help you today? :
Please enter the name of the game you would like to buy:
Reading the Available Games File...
Please enter the name of the seller of Game1:
Reading the Available Games File...
No such seller exists. Please enter the correct seller's name: