Welcome to Vapour! 
Please enter your Username to log in: 
Welcome admin! Please enter a transaction: 
Which user would you like to add credit to? 
How much credit would you like to add to fullstandard's account?
Success! The amount $1000 has been added to fullstandard's account.