Welcome to Vapour! 
Please enter your Username to log in: 
Welcome admin! Please enter a transaction: 
Please enter the name of the user you want to delete: 
Success! Games for sale on this account have been cancelled.
Input another transaction: Writing to Daily Transaction File...
Thank you for using Vapour.
Goodbye.