Welcome to Vapour!
Please enter your Username to log in: 
Welcome sellstandard! Please enter a transaction: 
exit is not a valid transaction.
Input another transaction: