Welcome to Vapour!
Please enter your Username to log in: 
list is not a valid username.
Please enter a valid username: