Welcome to Vapour! 
Please enter your Username to log in: 
Welcome admin! Please enter a transaction: 
How much credit would you like to add to your account?
Success! The amount $1000 has been added to fullstandard's account.
