Welcome to Vapour! 
Please enter your Username to log in: 
Welcome admin! Please enter a transaction: 
Which user would you like to add credit to? 
Error! The username you have entered is invalid.
