"logout" is not an available transaction.
Please enter a Valid Transaction:

login
