Reading current user accounts file...
Please Enter your Username to Login: 
Welcome, FullStandard!
Reading of Available Games File...
Please enter a transaction:

logout
sell
buy
addcredit

Writing to daily transaction file...
You have been logged out.

"buy" is not a Valid Transaction.
Please enter a Valid Transaction:

login