Welcome to Vapour!
Please enter your Username to login:
Welcome buystandard! Plese enter a transaction:
create is not a valid transaction.
Input another transaction: