Welcome! :
Please enter your username:
Username accepted! How may we help you today? :
Creating new user.. Please input their username:
Error! Username is longer than 25 characters, please try again: