01 AdminUser       AA 000000.00
00 admin           AA 000100.00
END