01 SSUser          SS 000000.00
00 admin           AA 000100.00
END