Welcome to Vapour! Please enter your username:
Username accepted! How may we help you today?
How much credit would you like to add to your account?
