"login" is not an available transaction.
Please enter a Valid Transaction:

logout
sell
buy
addcredit