Welcome to Vapour!
Please enter your Username to log in: 
Welcome fullstandard! Please enter a transaction: 
Writing to Daily Transaction File...
Thank you for using Vapour.
Goodbye.