Welcome to Vapour!
Please enter your Username to log in: 
Welcome sellstandard! Please enter a transaction: 
Writing to Daily Transaction File...
Thank you for using Vapour.
Goodbye.