Welcome to Vapour!
Please enter your Username to login:
Welcome admin! Plese enter a transaction:
Name            Type Credit
admin           AA 000000.00
fullstandard    FS 000100.00
buystandard     BS 001000.00
sellstandard    SS 000000.00
JohnDoe         BS 000000.00